../Core/Src/main.c:76:6:HAL_UART_RxCpltCallback	16	static
../Core/Src/main.c:100:5:main	16	static
../Core/Src/main.c:225:6:SystemClock_Config	88	static
../Core/Src/main.c:266:13:MX_TIM3_Init	40	static
../Core/Src/main.c:311:13:MX_USART1_UART_Init	8	static
../Core/Src/main.c:359:13:MX_GPIO_Init	48	static
../Core/Src/main.c:386:6:clearUart	24	static
../Core/Src/main.c:393:6:appendString	40	static
../Core/Src/main.c:404:6:Calc_CRC16	32	static
../Core/Src/main.c:422:9:CRC_MODBUS	24	static
../Core/Src/main.c:444:6:ModbusTransHandle	8	static
../Core/Src/main.c:471:6:Error_Handler	8	static,ignoring_inline_asm
