../Core/Src/main.c:98:5:main	16	static
../Core/Src/main.c:182:6:SystemClock_Config	88	static
../Core/Src/main.c:223:13:MX_ADC1_Init	24	static
../Core/Src/main.c:281:13:MX_TIM16_Init	8	static
../Core/Src/main.c:313:13:MX_USART1_UART_Init	8	static
../Core/Src/main.c:361:13:MX_GPIO_Init	48	static
../Core/Src/main.c:382:6:checkLampStatus	40	static
../Core/Src/main.c:428:6:HAL_UART_RxCpltCallback	16	static
../Core/Src/main.c:436:6:clearRx	16	static
../Core/Src/main.c:444:9:CRC_MODBUS	24	static
../Core/Src/main.c:464:6:Calc_CRC16	32	static
../Core/Src/main.c:482:6:modbusTransHandle	16	static
../Core/Src/main.c:511:6:Error_Handler	8	static,ignoring_inline_asm
