11:19:47 **** Incremental Build of configuration Debug for project GetwayDeviceSlave ****
make -j4 all 
arm-none-eabi-gcc "../Core/Src/main.c" -mcpu=cortex-m0plus -std=gnu11 -g3 -DDEBUG -DUSE_HAL_DRIVER -DSTM32G070xx -c -I../Core/Inc -I../Drivers/STM32G0xx_HAL_Driver/Inc -I../Drivers/STM32G0xx_HAL_Driver/Inc/Legacy -I../Drivers/CMSIS/Device/ST/STM32G0xx/Include -I../Drivers/CMSIS/Include -O0 -ffunction-sections -fdata-sections -Wall -fstack-usage -fcyclomatic-complexity -MMD -MP -MF"Core/Src/main.d" -MT"Core/Src/main.o" --specs=nano.specs -mfloat-abi=soft -mthumb -o "Core/Src/main.o"
arm-none-eabi-gcc -o "GetwayDeviceSlave.elf" @"objects.list"   -mcpu=cortex-m0plus -T"C:\Users\Huy Le\Desktop\Dang\USM\1.Code\2.Device\New\GetwayDeviceSlave\STM32G070CBTX_FLASH.ld" --specs=nosys.specs -Wl,-Map="GetwayDeviceSlave.map" -Wl,--gc-sections -static --specs=nano.specs -mfloat-abi=soft -mthumb -Wl,--start-group -lc -lm -Wl,--end-group
Finished building target: GetwayDeviceSlave.elf
 
arm-none-eabi-size   GetwayDeviceSlave.elf 
arm-none-eabi-objdump -h -S  GetwayDeviceSlave.elf  > "GetwayDeviceSlave.list"
   text	   data	    bss	    dec	    hex	filename
  18476	     36	   2148	  20660	   50b4	GetwayDeviceSlave.elf
Finished building: default.size.stdout
 
Finished building: GetwayDeviceSlave.list
 

11:19:50 Build Finished. 0 errors, 0 warnings. (took 2s.606ms)

