11:16:50 **** Incremental Build of configuration Debug for project InputDevice ****
make -j4 all 
arm-none-eabi-gcc "../Core/Src/main.c" -mcpu=cortex-m0plus -std=gnu11 -g3 -DDEBUG -DUSE_HAL_DRIVER -DSTM32G070xx -c -I../Core/Inc -I../Drivers/STM32G0xx_HAL_Driver/Inc -I../Drivers/STM32G0xx_HAL_Driver/Inc/Legacy -I../Drivers/CMSIS/Device/ST/STM32G0xx/Include -I../Drivers/CMSIS/Include -O0 -ffunction-sections -fdata-sections -Wall -fstack-usage -fcyclomatic-complexity -MMD -MP -MF"Core/Src/main.d" -MT"Core/Src/main.o" --specs=nano.specs -mfloat-abi=soft -mthumb -o "Core/Src/main.o"
arm-none-eabi-gcc "../Core/Src/sysmem.c" -mcpu=cortex-m0plus -std=gnu11 -g3 -DDEBUG -DUSE_HAL_DRIVER -DSTM32G070xx -c -I../Core/Inc -I../Drivers/STM32G0xx_HAL_Driver/Inc -I../Drivers/STM32G0xx_HAL_Driver/Inc/Legacy -I../Drivers/CMSIS/Device/ST/STM32G0xx/Include -I../Drivers/CMSIS/Include -O0 -ffunction-sections -fdata-sections -Wall -fstack-usage -fcyclomatic-complexity -MMD -MP -MF"Core/Src/sysmem.d" -MT"Core/Src/sysmem.o" --specs=nano.specs -mfloat-abi=soft -mthumb -o "Core/Src/sysmem.o"
arm-none-eabi-gcc "../Core/Src/system_stm32g0xx.c" -mcpu=cortex-m0plus -std=gnu11 -g3 -DDEBUG -DUSE_HAL_DRIVER -DSTM32G070xx -c -I../Core/Inc -I../Drivers/STM32G0xx_HAL_Driver/Inc -I../Drivers/STM32G0xx_HAL_Driver/Inc/Legacy -I../Drivers/CMSIS/Device/ST/STM32G0xx/Include -I../Drivers/CMSIS/Include -O0 -ffunction-sections -fdata-sections -Wall -fstack-usage -fcyclomatic-complexity -MMD -MP -MF"Core/Src/system_stm32g0xx.d" -MT"Core/Src/system_stm32g0xx.o" --specs=nano.specs -mfloat-abi=soft -mthumb -o "Core/Src/system_stm32g0xx.o"
../Core/Src/main.c: In function 'main':
../Core/Src/main.c:131:11: warning: unused variable 'preset_sensor_3' [-Wunused-variable]
arm-none-eabi-gcc -o "InputDevice.elf" @"objects.list"   -mcpu=cortex-m0plus -T"C:\Users\Huy Le\Desktop\Dang\USM\1.Code\2.Device\New\InputDevice\STM32G070CBTX_FLASH.ld" --specs=nosys.specs -Wl,-Map="InputDevice.map" -Wl,--gc-sections -static --specs=nano.specs -mfloat-abi=soft -mthumb -Wl,--start-group -lc -lm -Wl,--end-group
  131 |   uint8_t preset_sensor_3 = 0;
      |           ^~~~~~~~~~~~~~~
../Core/Src/main.c:130:11: warning: unused variable 'preset_sensor_2' [-Wunused-variable]
  130 |   uint8_t preset_sensor_2 = 0;
      |           ^~~~~~~~~~~~~~~
Finished building target: InputDevice.elf
 
arm-none-eabi-size   InputDevice.elf 
arm-none-eabi-objdump -h -S  InputDevice.elf  > "InputDevice.list"
   text	   data	    bss	    dec	    hex	filename
  18280	     20	   1916	  20216	   4ef8	InputDevice.elf
Finished building: default.size.stdout
 
Finished building: InputDevice.list
 

11:16:52 Build Finished. 0 errors, 2 warnings. (took 2s.48ms)

