../Core/Src/main.c:85:6:HAL_UART_RxCpltCallback	16	static
../Core/Src/main.c:111:5:main	8	static
../Core/Src/main.c:188:6:SystemClock_Config	88	static
../Core/Src/main.c:229:13:MX_TIM3_Init	40	static
../Core/Src/main.c:274:13:MX_USART2_UART_Init	8	static
../Core/Src/main.c:322:13:MX_USART4_UART_Init	8	static
../Core/Src/main.c:358:13:MX_GPIO_Init	16	static
../Core/Src/main.c:367:6:clearData	24	static
../Core/Src/main.c:375:6:lorawanTransHandle	16	static
../Core/Src/main.c:405:6:Error_Handler	8	static,ignoring_inline_asm
